../../Drivers/CMSIS/Include/core_cm0plus.h:985:34:__NVIC_SystemReset	8	static,ignoring_inline_asm
C:/Users/Buddy/Documents/SRC_Type_C_DemoDRP/USBPD/Target/usbpd_dpm_user.c:183:21:USBPD_DPM_UserInit	8	static
C:/Users/Buddy/Documents/SRC_Type_C_DemoDRP/USBPD/Target/usbpd_dpm_user.c:203:6:USBPD_DPM_SetNotification_GUI	24	static
C:/Users/Buddy/Documents/SRC_Type_C_DemoDRP/USBPD/Target/usbpd_dpm_user.c:215:6:USBPD_DPM_WaitForTime	16	static
C:/Users/Buddy/Documents/SRC_Type_C_DemoDRP/USBPD/Target/usbpd_dpm_user.c:226:6:USBPD_DPM_UserExecute	16	static
C:/Users/Buddy/Documents/SRC_Type_C_DemoDRP/USBPD/Target/usbpd_dpm_user.c:242:6:USBPD_DPM_UserCableDetection	16	static
C:/Users/Buddy/Documents/SRC_Type_C_DemoDRP/USBPD/Target/usbpd_dpm_user.c:325:6:USBPD_DPM_UserTimerCounter	16	static
C:/Users/Buddy/Documents/SRC_Type_C_DemoDRP/USBPD/Target/usbpd_dpm_user.c:346:6:USBPD_DPM_Notification	88	static
C:/Users/Buddy/Documents/SRC_Type_C_DemoDRP/USBPD/Target/usbpd_dpm_user.c:403:6:USBPD_DPM_HardReset	16	static
C:/Users/Buddy/Documents/SRC_Type_C_DemoDRP/USBPD/Target/usbpd_dpm_user.c:434:21:USBPD_DPM_SetupNewPower	16	static
C:/Users/Buddy/Documents/SRC_Type_C_DemoDRP/USBPD/Target/usbpd_dpm_user.c:446:21:USBPD_DPM_EvaluatePowerRoleSwap	16	static
C:/Users/Buddy/Documents/SRC_Type_C_DemoDRP/USBPD/Target/usbpd_dpm_user.c:461:6:USBPD_DPM_GetDataInfo	40	static
C:/Users/Buddy/Documents/SRC_Type_C_DemoDRP/USBPD/Target/usbpd_dpm_user.c:523:6:USBPD_DPM_SetDataInfo	64	static
C:/Users/Buddy/Documents/SRC_Type_C_DemoDRP/USBPD/Target/usbpd_dpm_user.c:620:21:USBPD_DPM_EvaluateRequest	40	static
C:/Users/Buddy/Documents/SRC_Type_C_DemoDRP/USBPD/Target/usbpd_dpm_user.c:666:6:USBPD_DPM_SNK_EvaluateCapabilities	120	static
C:/Users/Buddy/Documents/SRC_Type_C_DemoDRP/USBPD/Target/usbpd_dpm_user.c:727:6:USBPD_DPM_PowerRoleSwap	16	static
C:/Users/Buddy/Documents/SRC_Type_C_DemoDRP/USBPD/Target/usbpd_dpm_user.c:769:21:USBPD_DPM_EvaluateVconnSwap	24	static
C:/Users/Buddy/Documents/SRC_Type_C_DemoDRP/USBPD/Target/usbpd_dpm_user.c:788:21:USBPD_DPM_PE_VconnPwr	16	static
C:/Users/Buddy/Documents/SRC_Type_C_DemoDRP/USBPD/Target/usbpd_dpm_user.c:806:6:USBPD_DPM_ExtendedMessageReceived	24	static
C:/Users/Buddy/Documents/SRC_Type_C_DemoDRP/USBPD/Target/usbpd_dpm_user.c:818:6:USBPD_DPM_EnterErrorRecovery	16	static
C:/Users/Buddy/Documents/SRC_Type_C_DemoDRP/USBPD/Target/usbpd_dpm_user.c:835:21:USBPD_DPM_EvaluateDataRoleSwap	24	static
C:/Users/Buddy/Documents/SRC_Type_C_DemoDRP/USBPD/Target/usbpd_dpm_user.c:865:23:USBPD_DPM_IsPowerReady	16	static
C:/Users/Buddy/Documents/SRC_Type_C_DemoDRP/USBPD/Target/usbpd_dpm_user.c:885:21:USBPD_DPM_RequestHardReset	88	static
C:/Users/Buddy/Documents/SRC_Type_C_DemoDRP/USBPD/Target/usbpd_dpm_user.c:899:21:USBPD_DPM_RequestCableReset	88	static
C:/Users/Buddy/Documents/SRC_Type_C_DemoDRP/USBPD/Target/usbpd_dpm_user.c:911:21:USBPD_DPM_RequestGotoMin	88	static
C:/Users/Buddy/Documents/SRC_Type_C_DemoDRP/USBPD/Target/usbpd_dpm_user.c:925:21:USBPD_DPM_RequestPing	88	static
C:/Users/Buddy/Documents/SRC_Type_C_DemoDRP/USBPD/Target/usbpd_dpm_user.c:939:21:USBPD_DPM_RequestMessageRequest	80	static
C:/Users/Buddy/Documents/SRC_Type_C_DemoDRP/USBPD/Target/usbpd_dpm_user.c:980:21:USBPD_DPM_RequestGetSourceCapability	88	static
C:/Users/Buddy/Documents/SRC_Type_C_DemoDRP/USBPD/Target/usbpd_dpm_user.c:992:21:USBPD_DPM_RequestGetSinkCapability	88	static
C:/Users/Buddy/Documents/SRC_Type_C_DemoDRP/USBPD/Target/usbpd_dpm_user.c:1004:21:USBPD_DPM_RequestDataRoleSwap	88	static
C:/Users/Buddy/Documents/SRC_Type_C_DemoDRP/USBPD/Target/usbpd_dpm_user.c:1016:21:USBPD_DPM_RequestPowerRoleSwap	88	static
C:/Users/Buddy/Documents/SRC_Type_C_DemoDRP/USBPD/Target/usbpd_dpm_user.c:1028:21:USBPD_DPM_RequestVconnSwap	88	static
C:/Users/Buddy/Documents/SRC_Type_C_DemoDRP/USBPD/Target/usbpd_dpm_user.c:1041:21:USBPD_DPM_RequestSoftReset	88	static
C:/Users/Buddy/Documents/SRC_Type_C_DemoDRP/USBPD/Target/usbpd_dpm_user.c:1053:21:USBPD_DPM_RequestSourceCapability	88	static
C:/Users/Buddy/Documents/SRC_Type_C_DemoDRP/USBPD/Target/usbpd_dpm_user.c:1067:21:USBPD_DPM_RequestVDM_DiscoveryIdentify	88	static
C:/Users/Buddy/Documents/SRC_Type_C_DemoDRP/USBPD/Target/usbpd_dpm_user.c:1086:21:USBPD_DPM_RequestVDM_DiscoverySVID	88	static
C:/Users/Buddy/Documents/SRC_Type_C_DemoDRP/USBPD/Target/usbpd_dpm_user.c:1100:21:USBPD_DPM_RequestVDM_DiscoveryMode	88	static
C:/Users/Buddy/Documents/SRC_Type_C_DemoDRP/USBPD/Target/usbpd_dpm_user.c:1115:21:USBPD_DPM_RequestVDM_EnterMode	96	static
C:/Users/Buddy/Documents/SRC_Type_C_DemoDRP/USBPD/Target/usbpd_dpm_user.c:1130:21:USBPD_DPM_RequestVDM_ExitMode	96	static
C:/Users/Buddy/Documents/SRC_Type_C_DemoDRP/USBPD/Target/usbpd_dpm_user.c:1145:21:USBPD_DPM_RequestDisplayPortStatus	88	static
C:/Users/Buddy/Documents/SRC_Type_C_DemoDRP/USBPD/Target/usbpd_dpm_user.c:1163:21:USBPD_DPM_RequestDisplayPortConfig	88	static
C:/Users/Buddy/Documents/SRC_Type_C_DemoDRP/USBPD/Target/usbpd_dpm_user.c:1181:21:USBPD_DPM_RequestAttention	88	static
C:/Users/Buddy/Documents/SRC_Type_C_DemoDRP/USBPD/Target/usbpd_dpm_user.c:1194:21:USBPD_DPM_RequestAlert	88	static
C:/Users/Buddy/Documents/SRC_Type_C_DemoDRP/USBPD/Target/usbpd_dpm_user.c:1206:21:USBPD_DPM_RequestGetSourceCapabilityExt	88	static
C:/Users/Buddy/Documents/SRC_Type_C_DemoDRP/USBPD/Target/usbpd_dpm_user.c:1218:21:USBPD_DPM_RequestGetSinkCapabilityExt	88	static
C:/Users/Buddy/Documents/SRC_Type_C_DemoDRP/USBPD/Target/usbpd_dpm_user.c:1232:21:USBPD_DPM_RequestGetManufacturerInfo	88	static
C:/Users/Buddy/Documents/SRC_Type_C_DemoDRP/USBPD/Target/usbpd_dpm_user.c:1248:21:USBPD_DPM_RequestGetPPS_Status	88	static
C:/Users/Buddy/Documents/SRC_Type_C_DemoDRP/USBPD/Target/usbpd_dpm_user.c:1260:21:USBPD_DPM_RequestGetStatus	88	static
C:/Users/Buddy/Documents/SRC_Type_C_DemoDRP/USBPD/Target/usbpd_dpm_user.c:1272:21:USBPD_DPM_RequestFastRoleSwap	88	static
C:/Users/Buddy/Documents/SRC_Type_C_DemoDRP/USBPD/Target/usbpd_dpm_user.c:1284:21:USBPD_DPM_RequestGetCountryCodes	88	static
C:/Users/Buddy/Documents/SRC_Type_C_DemoDRP/USBPD/Target/usbpd_dpm_user.c:1297:21:USBPD_DPM_RequestGetCountryInfo	88	static
C:/Users/Buddy/Documents/SRC_Type_C_DemoDRP/USBPD/Target/usbpd_dpm_user.c:1310:21:USBPD_DPM_RequestGetBatteryCapability	88	static
C:/Users/Buddy/Documents/SRC_Type_C_DemoDRP/USBPD/Target/usbpd_dpm_user.c:1323:21:USBPD_DPM_RequestGetBatteryStatus	88	static
C:/Users/Buddy/Documents/SRC_Type_C_DemoDRP/USBPD/Target/usbpd_dpm_user.c:1335:21:USBPD_DPM_RequestSecurityRequest	88	static
C:/Users/Buddy/Documents/SRC_Type_C_DemoDRP/USBPD/Target/usbpd_dpm_user.c:1359:10:USBPD_DPM_SNK_EvaluateMatchWithSRCPDO	136	static
C:/Users/Buddy/Documents/SRC_Type_C_DemoDRP/USBPD/Target/usbpd_dpm_user.c:1712:17:DPM_FindVoltageIndex	72	static
C:/Users/Buddy/Documents/SRC_Type_C_DemoDRP/USBPD/Target/usbpd_dpm_user.c:1850:6:DPM_SNK_BuildRDOfromSelectedPDO	104	static
C:/Users/Buddy/Documents/SRC_Type_C_DemoDRP/USBPD/Target/usbpd_dpm_user.c:1967:28:DPM_TurnOffPower	32	static
C:/Users/Buddy/Documents/SRC_Type_C_DemoDRP/USBPD/Target/usbpd_dpm_user.c:1980:28:DPM_TurnOnPower	32	static
C:/Users/Buddy/Documents/SRC_Type_C_DemoDRP/USBPD/Target/usbpd_dpm_user.c:2002:13:DPM_AssertRp	16	static
C:/Users/Buddy/Documents/SRC_Type_C_DemoDRP/USBPD/Target/usbpd_dpm_user.c:2012:13:DPM_AssertRd	16	static
