../../Drivers/CMSIS/Include/core_cm0plus.h:985:34:__NVIC_SystemReset	8	static,ignoring_inline_asm
C:/Users/Buddy/Documents/SRC_Type_C_DemoDRP/USBPD/Target/usbpd_dpm_user.c:183:21:USBPD_DPM_UserInit	8	static
C:/Users/Buddy/Documents/SRC_Type_C_DemoDRP/USBPD/Target/usbpd_dpm_user.c:203:6:USBPD_DPM_SetNotification_GUI	24	static
C:/Users/Buddy/Documents/SRC_Type_C_DemoDRP/USBPD/Target/usbpd_dpm_user.c:215:6:USBPD_DPM_WaitForTime	16	static
C:/Users/Buddy/Documents/SRC_Type_C_DemoDRP/USBPD/Target/usbpd_dpm_user.c:226:6:USBPD_DPM_UserExecute	16	static
C:/Users/Buddy/Documents/SRC_Type_C_DemoDRP/USBPD/Target/usbpd_dpm_user.c:242:6:USBPD_DPM_UserCableDetection	16	static
C:/Users/Buddy/Documents/SRC_Type_C_DemoDRP/USBPD/Target/usbpd_dpm_user.c:325:6:USBPD_DPM_UserTimerCounter	16	static
C:/Users/Buddy/Documents/SRC_Type_C_DemoDRP/USBPD/Target/usbpd_dpm_user.c:346:6:USBPD_DPM_Notification	88	static
C:/Users/Buddy/Documents/SRC_Type_C_DemoDRP/USBPD/Target/usbpd_dpm_user.c:408:6:USBPD_DPM_HardReset	16	static
C:/Users/Buddy/Documents/SRC_Type_C_DemoDRP/USBPD/Target/usbpd_dpm_user.c:439:21:USBPD_DPM_SetupNewPower	16	static
C:/Users/Buddy/Documents/SRC_Type_C_DemoDRP/USBPD/Target/usbpd_dpm_user.c:451:21:USBPD_DPM_EvaluatePowerRoleSwap	16	static
C:/Users/Buddy/Documents/SRC_Type_C_DemoDRP/USBPD/Target/usbpd_dpm_user.c:466:6:USBPD_DPM_GetDataInfo	40	static
C:/Users/Buddy/Documents/SRC_Type_C_DemoDRP/USBPD/Target/usbpd_dpm_user.c:528:6:USBPD_DPM_SetDataInfo	64	static
C:/Users/Buddy/Documents/SRC_Type_C_DemoDRP/USBPD/Target/usbpd_dpm_user.c:625:21:USBPD_DPM_EvaluateRequest	40	static
C:/Users/Buddy/Documents/SRC_Type_C_DemoDRP/USBPD/Target/usbpd_dpm_user.c:671:6:USBPD_DPM_SNK_EvaluateCapabilities	120	static
C:/Users/Buddy/Documents/SRC_Type_C_DemoDRP/USBPD/Target/usbpd_dpm_user.c:732:6:USBPD_DPM_PowerRoleSwap	16	static
C:/Users/Buddy/Documents/SRC_Type_C_DemoDRP/USBPD/Target/usbpd_dpm_user.c:774:21:USBPD_DPM_EvaluateVconnSwap	24	static
C:/Users/Buddy/Documents/SRC_Type_C_DemoDRP/USBPD/Target/usbpd_dpm_user.c:793:21:USBPD_DPM_PE_VconnPwr	16	static
C:/Users/Buddy/Documents/SRC_Type_C_DemoDRP/USBPD/Target/usbpd_dpm_user.c:811:6:USBPD_DPM_ExtendedMessageReceived	24	static
C:/Users/Buddy/Documents/SRC_Type_C_DemoDRP/USBPD/Target/usbpd_dpm_user.c:823:6:USBPD_DPM_EnterErrorRecovery	16	static
C:/Users/Buddy/Documents/SRC_Type_C_DemoDRP/USBPD/Target/usbpd_dpm_user.c:840:21:USBPD_DPM_EvaluateDataRoleSwap	24	static
C:/Users/Buddy/Documents/SRC_Type_C_DemoDRP/USBPD/Target/usbpd_dpm_user.c:870:23:USBPD_DPM_IsPowerReady	16	static
C:/Users/Buddy/Documents/SRC_Type_C_DemoDRP/USBPD/Target/usbpd_dpm_user.c:890:21:USBPD_DPM_RequestHardReset	88	static
C:/Users/Buddy/Documents/SRC_Type_C_DemoDRP/USBPD/Target/usbpd_dpm_user.c:904:21:USBPD_DPM_RequestCableReset	88	static
C:/Users/Buddy/Documents/SRC_Type_C_DemoDRP/USBPD/Target/usbpd_dpm_user.c:916:21:USBPD_DPM_RequestGotoMin	88	static
C:/Users/Buddy/Documents/SRC_Type_C_DemoDRP/USBPD/Target/usbpd_dpm_user.c:930:21:USBPD_DPM_RequestPing	88	static
C:/Users/Buddy/Documents/SRC_Type_C_DemoDRP/USBPD/Target/usbpd_dpm_user.c:944:21:USBPD_DPM_RequestMessageRequest	80	static
C:/Users/Buddy/Documents/SRC_Type_C_DemoDRP/USBPD/Target/usbpd_dpm_user.c:985:21:USBPD_DPM_RequestGetSourceCapability	88	static
C:/Users/Buddy/Documents/SRC_Type_C_DemoDRP/USBPD/Target/usbpd_dpm_user.c:997:21:USBPD_DPM_RequestGetSinkCapability	88	static
C:/Users/Buddy/Documents/SRC_Type_C_DemoDRP/USBPD/Target/usbpd_dpm_user.c:1009:21:USBPD_DPM_RequestDataRoleSwap	88	static
C:/Users/Buddy/Documents/SRC_Type_C_DemoDRP/USBPD/Target/usbpd_dpm_user.c:1021:21:USBPD_DPM_RequestPowerRoleSwap	88	static
C:/Users/Buddy/Documents/SRC_Type_C_DemoDRP/USBPD/Target/usbpd_dpm_user.c:1033:21:USBPD_DPM_RequestVconnSwap	88	static
C:/Users/Buddy/Documents/SRC_Type_C_DemoDRP/USBPD/Target/usbpd_dpm_user.c:1046:21:USBPD_DPM_RequestSoftReset	88	static
C:/Users/Buddy/Documents/SRC_Type_C_DemoDRP/USBPD/Target/usbpd_dpm_user.c:1058:21:USBPD_DPM_RequestSourceCapability	88	static
C:/Users/Buddy/Documents/SRC_Type_C_DemoDRP/USBPD/Target/usbpd_dpm_user.c:1072:21:USBPD_DPM_RequestVDM_DiscoveryIdentify	88	static
C:/Users/Buddy/Documents/SRC_Type_C_DemoDRP/USBPD/Target/usbpd_dpm_user.c:1091:21:USBPD_DPM_RequestVDM_DiscoverySVID	88	static
C:/Users/Buddy/Documents/SRC_Type_C_DemoDRP/USBPD/Target/usbpd_dpm_user.c:1105:21:USBPD_DPM_RequestVDM_DiscoveryMode	88	static
C:/Users/Buddy/Documents/SRC_Type_C_DemoDRP/USBPD/Target/usbpd_dpm_user.c:1120:21:USBPD_DPM_RequestVDM_EnterMode	96	static
C:/Users/Buddy/Documents/SRC_Type_C_DemoDRP/USBPD/Target/usbpd_dpm_user.c:1135:21:USBPD_DPM_RequestVDM_ExitMode	96	static
C:/Users/Buddy/Documents/SRC_Type_C_DemoDRP/USBPD/Target/usbpd_dpm_user.c:1150:21:USBPD_DPM_RequestDisplayPortStatus	88	static
C:/Users/Buddy/Documents/SRC_Type_C_DemoDRP/USBPD/Target/usbpd_dpm_user.c:1168:21:USBPD_DPM_RequestDisplayPortConfig	88	static
C:/Users/Buddy/Documents/SRC_Type_C_DemoDRP/USBPD/Target/usbpd_dpm_user.c:1186:21:USBPD_DPM_RequestAttention	88	static
C:/Users/Buddy/Documents/SRC_Type_C_DemoDRP/USBPD/Target/usbpd_dpm_user.c:1199:21:USBPD_DPM_RequestAlert	88	static
C:/Users/Buddy/Documents/SRC_Type_C_DemoDRP/USBPD/Target/usbpd_dpm_user.c:1211:21:USBPD_DPM_RequestGetSourceCapabilityExt	88	static
C:/Users/Buddy/Documents/SRC_Type_C_DemoDRP/USBPD/Target/usbpd_dpm_user.c:1223:21:USBPD_DPM_RequestGetSinkCapabilityExt	88	static
C:/Users/Buddy/Documents/SRC_Type_C_DemoDRP/USBPD/Target/usbpd_dpm_user.c:1237:21:USBPD_DPM_RequestGetManufacturerInfo	88	static
C:/Users/Buddy/Documents/SRC_Type_C_DemoDRP/USBPD/Target/usbpd_dpm_user.c:1253:21:USBPD_DPM_RequestGetPPS_Status	88	static
C:/Users/Buddy/Documents/SRC_Type_C_DemoDRP/USBPD/Target/usbpd_dpm_user.c:1265:21:USBPD_DPM_RequestGetStatus	88	static
C:/Users/Buddy/Documents/SRC_Type_C_DemoDRP/USBPD/Target/usbpd_dpm_user.c:1277:21:USBPD_DPM_RequestFastRoleSwap	88	static
C:/Users/Buddy/Documents/SRC_Type_C_DemoDRP/USBPD/Target/usbpd_dpm_user.c:1289:21:USBPD_DPM_RequestGetCountryCodes	88	static
C:/Users/Buddy/Documents/SRC_Type_C_DemoDRP/USBPD/Target/usbpd_dpm_user.c:1302:21:USBPD_DPM_RequestGetCountryInfo	88	static
C:/Users/Buddy/Documents/SRC_Type_C_DemoDRP/USBPD/Target/usbpd_dpm_user.c:1315:21:USBPD_DPM_RequestGetBatteryCapability	88	static
C:/Users/Buddy/Documents/SRC_Type_C_DemoDRP/USBPD/Target/usbpd_dpm_user.c:1328:21:USBPD_DPM_RequestGetBatteryStatus	88	static
C:/Users/Buddy/Documents/SRC_Type_C_DemoDRP/USBPD/Target/usbpd_dpm_user.c:1340:21:USBPD_DPM_RequestSecurityRequest	88	static
C:/Users/Buddy/Documents/SRC_Type_C_DemoDRP/USBPD/Target/usbpd_dpm_user.c:1364:10:USBPD_DPM_SNK_EvaluateMatchWithSRCPDO	136	static
C:/Users/Buddy/Documents/SRC_Type_C_DemoDRP/USBPD/Target/usbpd_dpm_user.c:1717:17:DPM_FindVoltageIndex	72	static
C:/Users/Buddy/Documents/SRC_Type_C_DemoDRP/USBPD/Target/usbpd_dpm_user.c:1855:6:DPM_SNK_BuildRDOfromSelectedPDO	104	static
C:/Users/Buddy/Documents/SRC_Type_C_DemoDRP/USBPD/Target/usbpd_dpm_user.c:1972:28:DPM_TurnOffPower	32	static
C:/Users/Buddy/Documents/SRC_Type_C_DemoDRP/USBPD/Target/usbpd_dpm_user.c:1985:28:DPM_TurnOnPower	32	static
C:/Users/Buddy/Documents/SRC_Type_C_DemoDRP/USBPD/Target/usbpd_dpm_user.c:2007:13:DPM_AssertRp	16	static
C:/Users/Buddy/Documents/SRC_Type_C_DemoDRP/USBPD/Target/usbpd_dpm_user.c:2017:13:DPM_AssertRd	16	static
