../../Drivers/CMSIS/Include/core_cm0plus.h:741:22:__NVIC_EnableIRQ	16	static,ignoring_inline_asm
../../Drivers/CMSIS/Include/core_cm0plus.h:850:22:__NVIC_SetPriority	24	static
../../Drivers/STM32G0xx_HAL_Driver/Inc/stm32g0xx_ll_ucpd.h:346:22:LL_UCPD_Enable	16	static
../../Drivers/STM32G0xx_HAL_Driver/Inc/stm32g0xx_ll_ucpd.h:390:22:LL_UCPD_SetRxOrderSet	16	static
../../Drivers/STM32G0xx_HAL_Driver/Inc/stm32g0xx_ll_ucpd.h:643:22:LL_UCPD_SetccEnable	16	static
../../Drivers/STM32G0xx_HAL_Driver/Inc/stm32g0xx_ll_ucpd.h:730:22:LL_UCPD_RxDisable	16	static
../../Drivers/STM32G0xx_HAL_Driver/Inc/stm32g0xx_ll_ucpd.h:811:22:LL_UCPD_EnableIT_TypeCEventCC2	16	static
../../Drivers/STM32G0xx_HAL_Driver/Inc/stm32g0xx_ll_ucpd.h:822:22:LL_UCPD_EnableIT_TypeCEventCC1	16	static
C:/Users/Buddy/Documents/SRC_Type_C_DemoDRP/Middlewares/ST/STM32_USBPD_Library/Devices/STM32G0XX/src/usbpd_cad_hw_if.c:238:6:CAD_Init	64	static
C:/Users/Buddy/Documents/SRC_Type_C_DemoDRP/Middlewares/ST/STM32_USBPD_Library/Devices/STM32G0XX/src/usbpd_cad_hw_if.c:384:6:CAD_Enter_ErrorRecovery	16	static
C:/Users/Buddy/Documents/SRC_Type_C_DemoDRP/Middlewares/ST/STM32_USBPD_Library/Devices/STM32G0XX/src/usbpd_cad_hw_if.c:402:10:CAD_SRC_Set_ResistorRp	16	static
C:/Users/Buddy/Documents/SRC_Type_C_DemoDRP/Middlewares/ST/STM32_USBPD_Library/Devices/STM32G0XX/src/usbpd_cad_hw_if.c:415:10:CAD_Set_ResistorRp	16	static
C:/Users/Buddy/Documents/SRC_Type_C_DemoDRP/Middlewares/ST/STM32_USBPD_Library/Devices/STM32G0XX/src/usbpd_cad_hw_if.c:838:10:CAD_StateMachine_DRP	40	static
C:/Users/Buddy/Documents/SRC_Type_C_DemoDRP/Middlewares/ST/STM32_USBPD_Library/Devices/STM32G0XX/src/usbpd_cad_hw_if.c:952:10:CAD_StateMachine	48	static
C:/Users/Buddy/Documents/SRC_Type_C_DemoDRP/Middlewares/ST/STM32_USBPD_Library/Devices/STM32G0XX/src/usbpd_cad_hw_if.c:1195:6:CAD_Check_HW_SNK	32	static
C:/Users/Buddy/Documents/SRC_Type_C_DemoDRP/Middlewares/ST/STM32_USBPD_Library/Devices/STM32G0XX/src/usbpd_cad_hw_if.c:1261:6:CAD_Check_HW_SRC	88	static
C:/Users/Buddy/Documents/SRC_Type_C_DemoDRP/Middlewares/ST/STM32_USBPD_Library/Devices/STM32G0XX/src/usbpd_cad_hw_if.c:1344:17:ManageStateDetached_SNK	24	static
C:/Users/Buddy/Documents/SRC_Type_C_DemoDRP/Middlewares/ST/STM32_USBPD_Library/Devices/STM32G0XX/src/usbpd_cad_hw_if.c:1410:17:ManageStateDetached_SRC	24	static
C:/Users/Buddy/Documents/SRC_Type_C_DemoDRP/Middlewares/ST/STM32_USBPD_Library/Devices/STM32G0XX/src/usbpd_cad_hw_if.c:1461:17:ManageStateDetached_DRP	24	static
C:/Users/Buddy/Documents/SRC_Type_C_DemoDRP/Middlewares/ST/STM32_USBPD_Library/Devices/STM32G0XX/src/usbpd_cad_hw_if.c:1517:17:ManageStateAttachedWait_SRC	48	static
C:/Users/Buddy/Documents/SRC_Type_C_DemoDRP/Middlewares/ST/STM32_USBPD_Library/Devices/STM32G0XX/src/usbpd_cad_hw_if.c:1611:17:ManageStateEMC	40	static
C:/Users/Buddy/Documents/SRC_Type_C_DemoDRP/Middlewares/ST/STM32_USBPD_Library/Devices/STM32G0XX/src/usbpd_cad_hw_if.c:1660:17:ManageStateAttached_DRP	32	static
C:/Users/Buddy/Documents/SRC_Type_C_DemoDRP/Middlewares/ST/STM32_USBPD_Library/Devices/STM32G0XX/src/usbpd_cad_hw_if.c:1687:17:ManageStateAttachedWait_DRP	24	static
C:/Users/Buddy/Documents/SRC_Type_C_DemoDRP/Middlewares/ST/STM32_USBPD_Library/Devices/STM32G0XX/src/usbpd_cad_hw_if.c:1705:17:ManageStateAttached_SRC	56	static
C:/Users/Buddy/Documents/SRC_Type_C_DemoDRP/Middlewares/ST/STM32_USBPD_Library/Devices/STM32G0XX/src/usbpd_cad_hw_if.c:1778:17:ManageStateAttachedWait_SNK	48	static
C:/Users/Buddy/Documents/SRC_Type_C_DemoDRP/Middlewares/ST/STM32_USBPD_Library/Devices/STM32G0XX/src/usbpd_cad_hw_if.c:1836:17:ManageStateAttached_SNK	48	static
C:/Users/Buddy/Documents/SRC_Type_C_DemoDRP/Middlewares/ST/STM32_USBPD_Library/Devices/STM32G0XX/src/usbpd_cad_hw_if.c:1897:6:CAD_HW_IF_VBUSDetectCallback	24	static
