C:/Users/Buddy/Documents/SRC_Type_C_DemoDRP/USBPD/App/usbpd_pwr_if.c:212:21:USBPD_PWR_IF_Init	16	static
C:/Users/Buddy/Documents/SRC_Type_C_DemoDRP/USBPD/App/usbpd_pwr_if.c:233:21:USBPD_PWR_IF_SetProfile	32	static
C:/Users/Buddy/Documents/SRC_Type_C_DemoDRP/USBPD/App/usbpd_pwr_if.c:255:21:USBPD_PWR_IF_SupplyReady	24	static
C:/Users/Buddy/Documents/SRC_Type_C_DemoDRP/USBPD/App/usbpd_pwr_if.c:288:21:USBPD_PWR_IF_VBUSEnable	40	static
C:/Users/Buddy/Documents/SRC_Type_C_DemoDRP/USBPD/App/usbpd_pwr_if.c:301:21:USBPD_PWR_IF_VBUSDisable	40	static
C:/Users/Buddy/Documents/SRC_Type_C_DemoDRP/USBPD/App/usbpd_pwr_if.c:314:23:USBPD_PWR_IF_VBUSIsEnabled	16	static
C:/Users/Buddy/Documents/SRC_Type_C_DemoDRP/USBPD/App/usbpd_pwr_if.c:327:21:USBPD_PWR_IF_ReadVA	24	static
C:/Users/Buddy/Documents/SRC_Type_C_DemoDRP/USBPD/App/usbpd_pwr_if.c:340:21:USBPD_PWR_IF_Enable_VConn	16	static
C:/Users/Buddy/Documents/SRC_Type_C_DemoDRP/USBPD/App/usbpd_pwr_if.c:353:21:USBPD_PWR_IF_Disable_VConn	16	static
C:/Users/Buddy/Documents/SRC_Type_C_DemoDRP/USBPD/App/usbpd_pwr_if.c:371:6:USBPD_PWR_IF_GetPortPDOs	48	static
C:/Users/Buddy/Documents/SRC_Type_C_DemoDRP/USBPD/App/usbpd_pwr_if.c:485:21:USBPD_PWR_IF_SearchRequestedPDO	24	static
C:/Users/Buddy/Documents/SRC_Type_C_DemoDRP/USBPD/App/usbpd_pwr_if.c:504:6:USBPD_PWR_IF_AlarmType	16	static
C:/Users/Buddy/Documents/SRC_Type_C_DemoDRP/USBPD/App/usbpd_pwr_if.c:515:6:USBPD_PWR_IF_Alarm	8	static
C:/Users/Buddy/Documents/SRC_Type_C_DemoDRP/USBPD/App/usbpd_pwr_if.c:528:9:USBPD_PWR_IF_GetVBUSStatus	24	static
C:/Users/Buddy/Documents/SRC_Type_C_DemoDRP/USBPD/App/usbpd_pwr_if.c:557:6:USBPD_PWR_IF_UpdateVbusThreshold	24	static
C:/Users/Buddy/Documents/SRC_Type_C_DemoDRP/USBPD/App/usbpd_pwr_if.c:607:6:USBPD_PWR_IF_ResetVbusThreshold	24	static
C:/Users/Buddy/Documents/SRC_Type_C_DemoDRP/USBPD/App/usbpd_pwr_if.c:633:21:PWR_IF_CheckUpdateSNKPower	56	static
C:/Users/Buddy/Documents/SRC_Type_C_DemoDRP/USBPD/App/usbpd_pwr_if.c:700:10:_PWR_SRCFixedPDO	40	static
C:/Users/Buddy/Documents/SRC_Type_C_DemoDRP/USBPD/App/usbpd_pwr_if.c:729:10:_PWR_SRCVariablePDO	32	static
C:/Users/Buddy/Documents/SRC_Type_C_DemoDRP/USBPD/App/usbpd_pwr_if.c:747:10:_PWR_SRCBatteryPDO	32	static
C:/Users/Buddy/Documents/SRC_Type_C_DemoDRP/USBPD/App/usbpd_pwr_if.c:769:10:_PWR_SNKFixedPDO	40	static
C:/Users/Buddy/Documents/SRC_Type_C_DemoDRP/USBPD/App/usbpd_pwr_if.c:796:10:_PWR_SNKVariablePDO	32	static
C:/Users/Buddy/Documents/SRC_Type_C_DemoDRP/USBPD/App/usbpd_pwr_if.c:814:10:_PWR_SNKBatteryPDO	32	static
