../../Drivers/CMSIS/Include/core_cm0plus.h:741:22:__NVIC_EnableIRQ	16	static,ignoring_inline_asm
../../Drivers/CMSIS/Include/core_cm0plus.h:850:22:__NVIC_SetPriority	24	static
../../Drivers/STM32G0xx_HAL_Driver/Inc/stm32g0xx_ll_dma.h:603:22:LL_DMA_SetDataTransferDirection	32	static
../../Drivers/STM32G0xx_HAL_Driver/Inc/stm32g0xx_ll_dma.h:654:22:LL_DMA_SetMode	32	static
../../Drivers/STM32G0xx_HAL_Driver/Inc/stm32g0xx_ll_dma.h:701:22:LL_DMA_SetPeriphIncMode	32	static
../../Drivers/STM32G0xx_HAL_Driver/Inc/stm32g0xx_ll_dma.h:748:22:LL_DMA_SetMemoryIncMode	32	static
../../Drivers/STM32G0xx_HAL_Driver/Inc/stm32g0xx_ll_dma.h:796:22:LL_DMA_SetPeriphSize	32	static
../../Drivers/STM32G0xx_HAL_Driver/Inc/stm32g0xx_ll_dma.h:845:22:LL_DMA_SetMemorySize	32	static
../../Drivers/STM32G0xx_HAL_Driver/Inc/stm32g0xx_ll_dma.h:895:22:LL_DMA_SetChannelPriorityLevel	32	static
../../Drivers/STM32G0xx_HAL_Driver/Inc/stm32g0xx_ll_dma.h:1270:22:LL_DMA_SetPeriphRequest	32	static
../../Drivers/STM32G0xx_HAL_Driver/Inc/stm32g0xx_ll_bus.h:467:22:LL_APB1_GRP1_EnableClock	24	static
../../Drivers/STM32G0xx_HAL_Driver/Inc/stm32g0xx_ll_bus.h:1135:22:LL_IOP_GRP1_EnableClock	24	static
C:/Users/Buddy/Documents/SRC_Type_C_DemoDRP/Core/Src/main.c:76:5:main	40	static
C:/Users/Buddy/Documents/SRC_Type_C_DemoDRP/Core/Src/main.c:159:6:SystemClock_Config	88	static
C:/Users/Buddy/Documents/SRC_Type_C_DemoDRP/Core/Src/main.c:206:13:MX_LPUART1_UART_Init	8	static
C:/Users/Buddy/Documents/SRC_Type_C_DemoDRP/Core/Src/main.c:254:13:MX_UCPD1_Init	32	static
C:/Users/Buddy/Documents/SRC_Type_C_DemoDRP/Core/Src/main.c:334:13:MX_DMA_Init	16	static
C:/Users/Buddy/Documents/SRC_Type_C_DemoDRP/Core/Src/main.c:355:13:MX_GPIO_Init	48	static
C:/Users/Buddy/Documents/SRC_Type_C_DemoDRP/Core/Src/main.c:403:6:StartDefaultTask	16	static
C:/Users/Buddy/Documents/SRC_Type_C_DemoDRP/Core/Src/main.c:430:6:Error_Handler	8	static,ignoring_inline_asm
