C:/Users/Buddy/Documents/SRC_Type_C_DemoDRP/Core/Src/stm32g0xx_it.c:75:6:NMI_Handler	8	static
C:/Users/Buddy/Documents/SRC_Type_C_DemoDRP/Core/Src/stm32g0xx_it.c:90:6:HardFault_Handler	8	static
C:/Users/Buddy/Documents/SRC_Type_C_DemoDRP/Core/Src/stm32g0xx_it.c:105:6:SysTick_Handler	8	static
C:/Users/Buddy/Documents/SRC_Type_C_DemoDRP/Core/Src/stm32g0xx_it.c:136:6:UCPD1_2_IRQHandler	8	static
C:/Users/Buddy/Documents/SRC_Type_C_DemoDRP/Core/Src/stm32g0xx_it.c:151:6:DMA1_Channel2_3_IRQHandler	8	static
C:/Users/Buddy/Documents/SRC_Type_C_DemoDRP/Core/Src/stm32g0xx_it.c:165:6:DMA1_Ch4_7_DMAMUX1_OVR_IRQHandler	8	static
C:/Users/Buddy/Documents/SRC_Type_C_DemoDRP/Core/Src/stm32g0xx_it.c:178:6:USART3_4_LPUART1_IRQHandler	8	static
